Modules list:
-------------
main.o:
    CODE              Offs=000000  Size=00046D  Align=00001  Fill=0000
    RODATA            Offs=000000  Size=000010  Align=00001  Fill=0000
    DATA              Offs=000000  Size=000029  Align=00001  Fill=0000
arrows.o:
    CODE              Offs=00046D  Size=00006B  Align=00001  Fill=0000
    DATA              Offs=000029  Size=000300  Align=00001  Fill=0000
    SPRITES           Offs=000000  Size=000400  Align=00001  Fill=0000
backgrounds.o:
    DATA              Offs=000400  Size=0013E8  Align=00100  Fill=00D7
code.o:
    CODE              Offs=0004D8  Size=000057  Align=00001  Fill=0000
irq.o:
    CODE              Offs=00052F  Size=000168  Align=00001  Fill=0000
    DATA              Offs=0017E8  Size=000007  Align=00008  Fill=0000
/usr/share/cc65/lib/c64.lib(bneg.o):
    CODE              Offs=000697  Size=00000E  Align=00001  Fill=0000
/usr/share/cc65/lib/c64.lib(callmain.o):
    CODE              Offs=0006A5  Size=000017  Align=00001  Fill=0000
    DATA              Offs=0017EF  Size=000004  Align=00001  Fill=0000
/usr/share/cc65/lib/c64.lib(condes.o):
    CODE              Offs=0006BC  Size=00000C  Align=00001  Fill=0000
    DATA              Offs=0017F3  Size=000025  Align=00001  Fill=0000
    ONCE              Offs=000000  Size=00000C  Align=00001  Fill=0000
/usr/share/cc65/lib/c64.lib(crt0.o):
    STARTUP           Offs=000000  Size=000033  Align=00001  Fill=0000
    ONCE              Offs=00000C  Size=00001A  Align=00001  Fill=0000
    INIT              Offs=000000  Size=00001C  Align=00001  Fill=0000
/usr/share/cc65/lib/c64.lib(decsp2.o):
    CODE              Offs=0006C8  Size=00000D  Align=00001  Fill=0000
/usr/share/cc65/lib/c64.lib(div.o):
    CODE              Offs=0006D5  Size=000015  Align=00001  Fill=0000
/usr/share/cc65/lib/c64.lib(exehdr.o):
    EXEHDR            Offs=000000  Size=00000C  Align=00001  Fill=0000
/usr/share/cc65/lib/c64.lib(incax1.o):
    CODE              Offs=0006EA  Size=000007  Align=00001  Fill=0000
/usr/share/cc65/lib/c64.lib(incax2.o):
    CODE              Offs=0006F1  Size=000007  Align=00001  Fill=0000
/usr/share/cc65/lib/c64.lib(incax3.o):
    CODE              Offs=0006F8  Size=000005  Align=00001  Fill=0000
/usr/share/cc65/lib/c64.lib(incaxy.o):
    CODE              Offs=0006FD  Size=00000B  Align=00001  Fill=0000
/usr/share/cc65/lib/c64.lib(incsp2.o):
    CODE              Offs=000708  Size=000016  Align=00001  Fill=0000
/usr/share/cc65/lib/c64.lib(kernal.o):
/usr/share/cc65/lib/c64.lib(ldaui.o):
    CODE              Offs=00071E  Size=000009  Align=00001  Fill=0000
/usr/share/cc65/lib/c64.lib(ldaxsp.o):
    CODE              Offs=000727  Size=000009  Align=00001  Fill=0000
/usr/share/cc65/lib/c64.lib(loadaddr.o):
    LOADADDR          Offs=000000  Size=000002  Align=00001  Fill=0000
/usr/share/cc65/lib/c64.lib(makebool.o):
    CODE              Offs=000730  Size=00002C  Align=00001  Fill=0000
/usr/share/cc65/lib/c64.lib(negabs.o):
    CODE              Offs=00075C  Size=000012  Align=00001  Fill=0000
/usr/share/cc65/lib/c64.lib(popptr1.o):
    CODE              Offs=00076E  Size=00000E  Align=00001  Fill=0000
/usr/share/cc65/lib/c64.lib(pushax.o):
    CODE              Offs=00077C  Size=00001A  Align=00001  Fill=0000
/usr/share/cc65/lib/c64.lib(shelp.o):
    CODE              Offs=000796  Size=000020  Align=00001  Fill=0000
/usr/share/cc65/lib/c64.lib(status.o):
/usr/share/cc65/lib/c64.lib(staxsp.o):
    CODE              Offs=0007B6  Size=00000B  Align=00001  Fill=0000
/usr/share/cc65/lib/c64.lib(udiv.o):
    CODE              Offs=0007C1  Size=00004F  Align=00001  Fill=0000
/usr/share/cc65/lib/c64.lib(zerobss.o):
    CODE              Offs=000810  Size=000023  Align=00001  Fill=0000
/usr/share/cc65/lib/c64.lib(zeropage.o):
    ZEROPAGE          Offs=000000  Size=00001A  Align=00001  Fill=0000


Segment list:
-------------
Name                   Start     End    Size  Align
----------------------------------------------------
ZEROPAGE              000002  00001B  00001A  00001
LOADADDR              0007FF  000800  000002  00001
EXEHDR                000801  00080C  00000C  00001
STARTUP               00080D  00083F  000033  00001
CODE                  000840  001072  000833  00001
RODATA                001073  001082  000010  00001
DATA                  001100  002917  001818  00100
INIT                  002918  002933  00001C  00001
ONCE                  002934  002959  000026  00001
SPRITES               003000  0033FF  000400  00001


Exports list by name:
---------------------
BSOUT                     00FFD2 RLA    ST                        000090 RLZ    
__BSS_RUN__               002934 RLA    __BSS_SIZE__              000000 REA    
__CONSTRUCTOR_COUNT__     000000 REA    __CONSTRUCTOR_TABLE__     00295A RLA    
__DESTRUCTOR_COUNT__      000000 REA    __DESTRUCTOR_TABLE__      001083 RLA    
__EXEHDR__                000001 REA    __HEADER_LAST__           00080D RLA    
__HIMEM__                 00D000 REA    __LOADADDR__              000001 REA    
__MAIN_SIZE__             00C7F3 REA    __MAIN_START__            00080D RLA    
__ONCE_RUN__              002934 RLA    __STACKSIZE__             000800 REA    
__STARTUP__               000001 REA    _chart_line               0028E8 RLA    
_chart_shift              0028EE RLA    _clear_scr                000D18 RLA    
_dancer_str               002100 RLA    _disco_str1               001900 RLA    
_disco_str2               001D00 RLA    _hey_str                  002500 RLA    
_init_irq                 000D6F RLA    _init_sprites             000CAD RLA    
_irq_handler              000B8F RLA    _main                     0008D7 RLA    
_set_screen_idx           000D40 RLA    bnega                     000EDB RLA    
booleq                    000F76 RLA    callmain                  000EE5 RLA    
decsp2                    000F08 RLA    donelib                   000EFC RLA    
incax1                    000F2A RLA    incax2                    000F31 RLA    
incax3                    000F38 RLA    incax4                    000F3D RLA    
incaxy                    000F3F RLA    incsp2                    000F50 RLA    
initlib                   002934 RLA    ldauidx                   000F5E RLA    
ldaxysp                   000F69 RLA    negax                     000FA0 RLA    
popax                     000F48 RLA    popptr1                   000FAE RLA    
popsargsudiv16            000FD6 RLA    ptr1                      00000A RLZ    
ptr4                      000010 RLZ    pushax                    000FC0 RLA    
sp                        000002 RLZ    sreg                      000004 RLZ    
staxysp                   000FF8 RLA    tmp1                      000012 RLZ    
tmp2                      000013 RLZ    tosdivax                  000F17 RLA    
udiv16                    001012 RLA    zerobss                   001050 RLA    



Exports list by value:
----------------------
__BSS_SIZE__              000000 REA    __CONSTRUCTOR_COUNT__     000000 REA    
__DESTRUCTOR_COUNT__      000000 REA    __EXEHDR__                000001 REA    
__LOADADDR__              000001 REA    __STARTUP__               000001 REA    
sp                        000002 RLZ    sreg                      000004 RLZ    
ptr1                      00000A RLZ    ptr4                      000010 RLZ    
tmp1                      000012 RLZ    tmp2                      000013 RLZ    
ST                        000090 RLZ    __STACKSIZE__             000800 REA    
__HEADER_LAST__           00080D RLA    __MAIN_START__            00080D RLA    
_main                     0008D7 RLA    _irq_handler              000B8F RLA    
_init_sprites             000CAD RLA    _clear_scr                000D18 RLA    
_set_screen_idx           000D40 RLA    _init_irq                 000D6F RLA    
bnega                     000EDB RLA    callmain                  000EE5 RLA    
donelib                   000EFC RLA    decsp2                    000F08 RLA    
tosdivax                  000F17 RLA    incax1                    000F2A RLA    
incax2                    000F31 RLA    incax3                    000F38 RLA    
incax4                    000F3D RLA    incaxy                    000F3F RLA    
popax                     000F48 RLA    incsp2                    000F50 RLA    
ldauidx                   000F5E RLA    ldaxysp                   000F69 RLA    
booleq                    000F76 RLA    negax                     000FA0 RLA    
popptr1                   000FAE RLA    pushax                    000FC0 RLA    
popsargsudiv16            000FD6 RLA    staxysp                   000FF8 RLA    
udiv16                    001012 RLA    zerobss                   001050 RLA    
__DESTRUCTOR_TABLE__      001083 RLA    _disco_str1               001900 RLA    
_disco_str2               001D00 RLA    _dancer_str               002100 RLA    
_hey_str                  002500 RLA    _chart_line               0028E8 RLA    
_chart_shift              0028EE RLA    __BSS_RUN__               002934 RLA    
__ONCE_RUN__              002934 RLA    initlib                   002934 RLA    
__CONSTRUCTOR_TABLE__     00295A RLA    __MAIN_SIZE__             00C7F3 REA    
__HIMEM__                 00D000 REA    BSOUT                     00FFD2 RLA    



Imports list:
-------------
BSOUT (kernal.o):
    crt0.o                    c64/crt0.s:10
ST (status.o):
    crt0.o                    c64/crt0.s:13
__BSS_RUN__ ([linker generated]):
    zerobss.o                 common/zerobss.s:8
__BSS_SIZE__ ([linker generated]):
    zerobss.o                 common/zerobss.s:8
__CONSTRUCTOR_COUNT__ ([linker generated]):
    condes.o                  runtime/condes.s:18
__CONSTRUCTOR_TABLE__ ([linker generated]):
    condes.o                  runtime/condes.s:18
__DESTRUCTOR_COUNT__ ([linker generated]):
    condes.o                  runtime/condes.s:19
__DESTRUCTOR_TABLE__ ([linker generated]):
    condes.o                  runtime/condes.s:19
__EXEHDR__ (exehdr.o):
    [linker generated]        src/c64.cfg:6
__HEADER_LAST__ ([linker generated]):
    [linker generated]        src/c64.cfg:14
    [linker generated]        src/c64.cfg:14
__HIMEM__ ([linker generated]):
    [linker generated]        src/c64.cfg:15
    [linker generated]        src/c64.cfg:14
__LOADADDR__ (loadaddr.o):
    [linker generated]        src/c64.cfg:5
__MAIN_SIZE__ ([linker generated]):
    crt0.o                    c64/crt0.s:11
__MAIN_START__ ([linker generated]):
    crt0.o                    c64/crt0.s:11
__ONCE_RUN__ ([linker generated]):
    [linker generated]        src/c64.cfg:15
    [linker generated]        src/c64.cfg:15
__STACKSIZE__ ([linker generated]):
    [linker generated]        src/c64.cfg:15
__STARTUP__ (crt0.o):
    main.o                    src/main.s:26
_chart_line (irq.o):
    main.o                    src/main.s:37
_chart_shift (irq.o):
    main.o                    src/main.s:38
_clear_scr (code.o):
    main.o                    src/main.s:35
_dancer_str (backgrounds.o):
    main.o                    src/main.s:39
_disco_str1 (backgrounds.o):
    main.o                    src/main.s:40
_disco_str2 (backgrounds.o):
    main.o                    src/main.s:41
_hey_str (backgrounds.o):
    main.o                    src/main.s:42
_init_irq (irq.o):
    main.o                    src/main.s:33
_init_sprites (arrows.o):
    main.o                    src/main.s:34
_irq_handler (main.o):
    irq.o                     src/irq.s:218
_main (main.o):
    callmain.o                runtime/callmain.s:11
_set_screen_idx (code.o):
    main.o                    src/main.s:36
bnega (bneg.o):
    main.o                    src/main.s:731
    main.o                    src/main.s:731
booleq (makebool.o):
    main.o                    src/main.s:731
    main.o                    src/main.s:731
callmain (callmain.o):
    crt0.o                    c64/crt0.s:9
decsp2 (decsp2.o):
    main.o                    src/main.s:731
donelib (condes.o):
    crt0.o                    c64/crt0.s:8
incax1 (incax1.o):
    main.o                    src/main.s:731
incax2 (incax2.o):
    main.o                    src/main.s:731
incax3 (incax3.o):
    main.o                    src/main.s:731
incax4 (incaxy.o):
    main.o                    src/main.s:731
incaxy (incaxy.o):
    incax3.o                  runtime/incax3.s:8
incsp2 (incsp2.o):
    popptr1.o                 runtime/popptr1.s:8
    main.o                    src/main.s:731
initlib (condes.o):
    crt0.o                    c64/crt0.s:8
ldauidx (ldaui.o):
    main.o                    src/main.s:731
ldaxysp (ldaxsp.o):
    main.o                    src/main.s:731
negax (negabs.o):
    shelp.o                   runtime/shelp.s:11
    div.o                     runtime/div.s:11
popax (incsp2.o):
    shelp.o                   runtime/shelp.s:11
popptr1 (popptr1.o):
    udiv.o                    runtime/udiv.s:9
popsargsudiv16 (shelp.o):
    div.o                     runtime/div.s:11
ptr1 (zeropage.o):
    popptr1.o                 runtime/popptr1.s:9
    zerobss.o                 common/zerobss.s:9
    udiv.o                    runtime/udiv.s:10
    shelp.o                   runtime/shelp.s:12
    ldaui.o                   runtime/ldaui.s:8
    div.o                     runtime/div.s:12
ptr4 (zeropage.o):
    udiv.o                    runtime/udiv.s:10
    shelp.o                   runtime/shelp.s:12
pushax (pushax.o):
    callmain.o                runtime/callmain.s:11
    main.o                    src/main.s:731
sp (zeropage.o):
    popptr1.o                 runtime/popptr1.s:9
    staxsp.o                  runtime/staxsp.s:8
    pushax.o                  runtime/pushax.s:8
    ldaxsp.o                  runtime/ldaxsp.s:8
    incsp2.o                  runtime/incsp2.s:8
    decsp2.o                  runtime/decsp2.s:8
    crt0.o                    /var/tmp/pamac-build-iracigt/cc65-git/src/cc65/asminc/zeropage.inc:11
sreg (zeropage.o):
    udiv.o                    runtime/udiv.s:10
staxysp (staxsp.o):
    main.o                    src/main.s:731
tmp1 (zeropage.o):
    shelp.o                   runtime/shelp.s:12
    incaxy.o                  runtime/incaxy.s:8
    div.o                     runtime/div.s:12
tmp2 (zeropage.o):
    shelp.o                   runtime/shelp.s:12
    div.o                     runtime/div.s:12
tosdivax (div.o):
    main.o                    src/main.s:731
udiv16 (udiv.o):
    shelp.o                   runtime/shelp.s:11
zerobss (zerobss.o):
    crt0.o                    c64/crt0.s:9

