Modules list:
-------------
main.o:
    CODE              Offs=000000  Size=00061F  Align=00001  Fill=0000
    RODATA            Offs=000000  Size=000BB8  Align=00001  Fill=0000
    DATA              Offs=000000  Size=00000C  Align=00001  Fill=0000
arrows.o:
    CODE              Offs=00061F  Size=00037F  Align=00001  Fill=0000
    SPRITES           Offs=000000  Size=000400  Align=00001  Fill=0000
backgrounds.o:
code.o:
    CODE              Offs=00099E  Size=000028  Align=00001  Fill=0000
irq.o:
    CODE              Offs=0009C6  Size=000036  Align=00001  Fill=0000
/Users/sofiya/.vscode/extensions/entan-gl.cc65-vice-8.2.0/dist/cc65/lib/c64.lib(bneg.o):
    CODE              Offs=0009FC  Size=00000E  Align=00001  Fill=0000
/Users/sofiya/.vscode/extensions/entan-gl.cc65-vice-8.2.0/dist/cc65/lib/c64.lib(callmain.o):
    CODE              Offs=000A0A  Size=000017  Align=00001  Fill=0000
    DATA              Offs=00000C  Size=000004  Align=00001  Fill=0000
/Users/sofiya/.vscode/extensions/entan-gl.cc65-vice-8.2.0/dist/cc65/lib/c64.lib(condes.o):
    CODE              Offs=000A21  Size=00000C  Align=00001  Fill=0000
    DATA              Offs=000010  Size=000025  Align=00001  Fill=0000
    ONCE              Offs=000000  Size=00000C  Align=00001  Fill=0000
/Users/sofiya/.vscode/extensions/entan-gl.cc65-vice-8.2.0/dist/cc65/lib/c64.lib(crt0.o):
    STARTUP           Offs=000000  Size=000033  Align=00001  Fill=0000
    ONCE              Offs=00000C  Size=00001A  Align=00001  Fill=0000
    INIT              Offs=000000  Size=00001C  Align=00001  Fill=0000
/Users/sofiya/.vscode/extensions/entan-gl.cc65-vice-8.2.0/dist/cc65/lib/c64.lib(exehdr.o):
    EXEHDR            Offs=000000  Size=00000C  Align=00001  Fill=0000
/Users/sofiya/.vscode/extensions/entan-gl.cc65-vice-8.2.0/dist/cc65/lib/c64.lib(incsp1.o):
    CODE              Offs=000A2D  Size=000007  Align=00001  Fill=0000
/Users/sofiya/.vscode/extensions/entan-gl.cc65-vice-8.2.0/dist/cc65/lib/c64.lib(incsp2.o):
    CODE              Offs=000A34  Size=000016  Align=00001  Fill=0000
/Users/sofiya/.vscode/extensions/entan-gl.cc65-vice-8.2.0/dist/cc65/lib/c64.lib(kernal.o):
/Users/sofiya/.vscode/extensions/entan-gl.cc65-vice-8.2.0/dist/cc65/lib/c64.lib(loadaddr.o):
    LOADADDR          Offs=000000  Size=000002  Align=00001  Fill=0000
/Users/sofiya/.vscode/extensions/entan-gl.cc65-vice-8.2.0/dist/cc65/lib/c64.lib(makebool.o):
    CODE              Offs=000A4A  Size=00002C  Align=00001  Fill=0000
/Users/sofiya/.vscode/extensions/entan-gl.cc65-vice-8.2.0/dist/cc65/lib/c64.lib(memcpy.o):
    CODE              Offs=000A76  Size=00003C  Align=00001  Fill=0000
/Users/sofiya/.vscode/extensions/entan-gl.cc65-vice-8.2.0/dist/cc65/lib/c64.lib(memset.o):
    CODE              Offs=000AB2  Size=00005D  Align=00001  Fill=0000
/Users/sofiya/.vscode/extensions/entan-gl.cc65-vice-8.2.0/dist/cc65/lib/c64.lib(popptr1.o):
    CODE              Offs=000B0F  Size=00000E  Align=00001  Fill=0000
/Users/sofiya/.vscode/extensions/entan-gl.cc65-vice-8.2.0/dist/cc65/lib/c64.lib(pusha.o):
    CODE              Offs=000B1D  Size=000016  Align=00001  Fill=0000
/Users/sofiya/.vscode/extensions/entan-gl.cc65-vice-8.2.0/dist/cc65/lib/c64.lib(pushax.o):
    CODE              Offs=000B33  Size=00001A  Align=00001  Fill=0000
/Users/sofiya/.vscode/extensions/entan-gl.cc65-vice-8.2.0/dist/cc65/lib/c64.lib(status.o):
/Users/sofiya/.vscode/extensions/entan-gl.cc65-vice-8.2.0/dist/cc65/lib/c64.lib(zerobss.o):
    CODE              Offs=000B4D  Size=000023  Align=00001  Fill=0000
/Users/sofiya/.vscode/extensions/entan-gl.cc65-vice-8.2.0/dist/cc65/lib/c64.lib(zeropage.o):
    ZEROPAGE          Offs=000000  Size=00001A  Align=00001  Fill=0000


Segment list:
-------------
Name                   Start     End    Size  Align
----------------------------------------------------
ZEROPAGE              000002  00001B  00001A  00001
LOADADDR              0007FF  000800  000002  00001
EXEHDR                000801  00080C  00000C  00001
STARTUP               00080D  00083F  000033  00001
CODE                  000840  0013AF  000B70  00001
RODATA                0013B0  001F67  000BB8  00001
DATA                  001F68  001F9C  000035  00001
INIT                  001F9D  001FB8  00001C  00001
ONCE                  001FB9  001FDE  000026  00001
SPRITES               002000  0023FF  000400  00001


Exports list by name:
---------------------
BSOUT                     00FFD2 RLA    ST                        000090 RLZ    
__BSS_RUN__               001FB9 RLA    __BSS_SIZE__              000000 REA    
__CONSTRUCTOR_COUNT__     000000 REA    __CONSTRUCTOR_TABLE__     001FDF RLA    
__DESTRUCTOR_COUNT__      000000 REA    __DESTRUCTOR_TABLE__      001F68 RLA    
__EXEHDR__                000001 REA    __HEADER_LAST__           00080D RLA    
__HIMEM__                 00D000 REA    __LOADADDR__              000001 REA    
__MAIN_SIZE__             00C7F3 REA    __MAIN_START__            00080D RLA    
__ONCE_RUN__              001FB9 RLA    __STACKSIZE__             000800 REA    
__STARTUP__               000001 REA    ___bzero                  0012F2 RLA    
_clear_scr                0011DE RLA    _init_irq                 001206 RLA    
_init_sprites             000E5F RLA    _irq_handler              000BB2 RLA    
_main                     0008D7 RLA    _memcpy                   0012B6 RLA    
bnega                     001240 RLA    booleq                    001290 RLA    
boolne                    00128A RLA    boolult                   0012A9 RLA    
callmain                  00124A RLA    donelib                   001261 RLA    
incsp1                    00126D RLA    incsp2                    00127C RLA    
initlib                   001FB9 RLA    popax                     001274 RLA    
popptr1                   00134F RLA    ptr1                      00000A RLZ    
ptr2                      00000C RLZ    ptr3                      00000E RLZ    
pusha                     001361 RLA    pushax                    001377 RLA    
sp                        000002 RLZ    zerobss                   00138D RLA    



Exports list by value:
----------------------
__CONSTRUCTOR_COUNT__     000000 REA    __BSS_SIZE__              000000 REA    
__DESTRUCTOR_COUNT__      000000 REA    __STARTUP__               000001 REA    
__LOADADDR__              000001 REA    __EXEHDR__                000001 REA    
sp                        000002 RLZ    ptr1                      00000A RLZ    
ptr2                      00000C RLZ    ptr3                      00000E RLZ    
ST                        000090 RLZ    __STACKSIZE__             000800 REA    
__MAIN_START__            00080D RLA    __HEADER_LAST__           00080D RLA    
_main                     0008D7 RLA    _irq_handler              000BB2 RLA    
_init_sprites             000E5F RLA    _clear_scr                0011DE RLA    
_init_irq                 001206 RLA    bnega                     001240 RLA    
callmain                  00124A RLA    donelib                   001261 RLA    
incsp1                    00126D RLA    popax                     001274 RLA    
incsp2                    00127C RLA    boolne                    00128A RLA    
booleq                    001290 RLA    boolult                   0012A9 RLA    
_memcpy                   0012B6 RLA    ___bzero                  0012F2 RLA    
popptr1                   00134F RLA    pusha                     001361 RLA    
pushax                    001377 RLA    zerobss                   00138D RLA    
__DESTRUCTOR_TABLE__      001F68 RLA    initlib                   001FB9 RLA    
__ONCE_RUN__              001FB9 RLA    __BSS_RUN__               001FB9 RLA    
__CONSTRUCTOR_TABLE__     001FDF RLA    __MAIN_SIZE__             00C7F3 REA    
__HIMEM__                 00D000 REA    BSOUT                     00FFD2 RLA    



Imports list:
-------------
BSOUT (kernal.o):
    crt0.o                    c64/crt0.s:10
ST (status.o):
    crt0.o                    c64/crt0.s:13
__BSS_RUN__ ([linker generated]):
    zerobss.o                 common/zerobss.s:8
__BSS_SIZE__ ([linker generated]):
    zerobss.o                 common/zerobss.s:8
__CONSTRUCTOR_COUNT__ ([linker generated]):
    condes.o                  runtime/condes.s:18
__CONSTRUCTOR_TABLE__ ([linker generated]):
    condes.o                  runtime/condes.s:18
__DESTRUCTOR_COUNT__ ([linker generated]):
    condes.o                  runtime/condes.s:19
__DESTRUCTOR_TABLE__ ([linker generated]):
    condes.o                  runtime/condes.s:19
__EXEHDR__ (exehdr.o):
    [linker generated]        src/c64.cfg:6
__HEADER_LAST__ ([linker generated]):
    [linker generated]        src/c64.cfg:14
    [linker generated]        src/c64.cfg:14
__HIMEM__ ([linker generated]):
    [linker generated]        src/c64.cfg:15
    [linker generated]        src/c64.cfg:14
__LOADADDR__ (loadaddr.o):
    [linker generated]        src/c64.cfg:5
__MAIN_SIZE__ ([linker generated]):
    crt0.o                    c64/crt0.s:11
__MAIN_START__ ([linker generated]):
    crt0.o                    c64/crt0.s:11
__ONCE_RUN__ ([linker generated]):
    [linker generated]        src/c64.cfg:15
    [linker generated]        src/c64.cfg:15
__STACKSIZE__ ([linker generated]):
    [linker generated]        src/c64.cfg:15
__STARTUP__ (crt0.o):
    main.o                    src/main.s:26
___bzero (memset.o):
    main.o                    src/main.s:3902
_clear_scr (code.o):
    main.o                    src/main.s:31
_init_irq (irq.o):
    main.o                    src/main.s:29
_init_sprites (arrows.o):
    main.o                    src/main.s:30
_irq_handler (main.o):
    irq.o                     src/irq.s:31
_main (main.o):
    callmain.o                runtime/callmain.s:11
_memcpy (memcpy.o):
    main.o                    src/main.s:27
bnega (bneg.o):
    main.o                    src/main.s:3902
booleq (makebool.o):
    main.o                    src/main.s:3902
boolne (makebool.o):
    main.o                    src/main.s:3902
boolult (makebool.o):
    main.o                    src/main.s:3902
callmain (callmain.o):
    crt0.o                    c64/crt0.s:9
donelib (condes.o):
    crt0.o                    c64/crt0.s:8
incsp1 (incsp1.o):
    main.o                    src/main.s:3902
incsp2 (incsp2.o):
    popptr1.o                 runtime/popptr1.s:8
initlib (condes.o):
    crt0.o                    c64/crt0.s:8
popax (incsp2.o):
    memset.o                  common/memset.s:19
    memcpy.o                  common/memcpy.s:14
popptr1 (popptr1.o):
    memcpy.o                  common/memcpy.s:14
ptr1 (zeropage.o):
    zerobss.o                 common/zerobss.s:9
    popptr1.o                 runtime/popptr1.s:9
    memset.o                  common/memset.s:20
    memcpy.o                  common/memcpy.s:15
ptr2 (zeropage.o):
    memset.o                  common/memset.s:20
    memcpy.o                  common/memcpy.s:15
ptr3 (zeropage.o):
    memset.o                  common/memset.s:20
    memcpy.o                  common/memcpy.s:15
pusha (pusha.o):
    main.o                    src/main.s:3902
pushax (pushax.o):
    callmain.o                runtime/callmain.s:11
    main.o                    src/main.s:3902
    main.o                    src/main.s:3902
sp (zeropage.o):
    incsp2.o                  runtime/incsp2.s:8
    pushax.o                  runtime/pushax.s:8
    pusha.o                   runtime/pusha.s:8
    popptr1.o                 runtime/popptr1.s:9
    memset.o                  common/memset.s:20
    memcpy.o                  common/memcpy.s:15
    incsp1.o                  runtime/incsp1.s:8
    crt0.o                    /__w/vscode-cc65-debugger/vscode-cc65-debugger/3rdparty/cc65/asminc/zeropage.inc:11
    main.o                    src/main.s:10
zerobss (zerobss.o):
    crt0.o                    c64/crt0.s:9

